current directory: /Volumes/xl/src/rails/zero_task/vendor/bundle/ruby/4.0.0/gems/json-2.21.2/ext/json/ext/parser
/Users/xl/.local/share/mise/installs/ruby/4.0.6/bin/ruby extconf.rb
checking for rb_enc_interned_str() in ruby/encoding.h... yes
checking for rb_str_to_interned_str() in ruby.h... yes
checking for rb_hash_new_capa() in ruby.h... yes
checking for rb_hash_bulk_insert() in ruby.h... yes
checking for ruby_xfree_sized() in ruby.h... no
checking for x86intrin.h... no
checking for intrin.h... no
checking for RUBY_TYPED_EMBEDDABLE in ruby.h... yes
checking for whether -std=c99 is accepted as CFLAGS... yes
checking for whether -mno-outline is accepted as CFLAGS... yes
checking for arm_neon.h... yes
checking for cpuid.h... no
creating Makefile

current directory: /Volumes/xl/src/rails/zero_task/vendor/bundle/ruby/4.0.0/gems/json-2.21.2/ext/json/ext/parser
make -j3 DESTDIR\= sitearchdir\=./.gem.20260808-21767-n50u89 sitelibdir\=./.gem.20260808-21767-n50u89 clean

current directory: /Volumes/xl/src/rails/zero_task/vendor/bundle/ruby/4.0.0/gems/json-2.21.2/ext/json/ext/parser
make -j3 DESTDIR\= sitearchdir\=./.gem.20260808-21767-n50u89 sitelibdir\=./.gem.20260808-21767-n50u89
compiling parser.c
linking shared-object json/ext/parser.bundle

current directory: /Volumes/xl/src/rails/zero_task/vendor/bundle/ruby/4.0.0/gems/json-2.21.2/ext/json/ext/parser
make -j3 DESTDIR\= sitearchdir\=./.gem.20260808-21767-n50u89 sitelibdir\=./.gem.20260808-21767-n50u89 install
/usr/bin/install -c -m 0755 parser.bundle ./.gem.20260808-21767-n50u89/json/ext

current directory: /Volumes/xl/src/rails/zero_task/vendor/bundle/ruby/4.0.0/gems/json-2.21.2/ext/json/ext/parser
make DESTDIR\= sitearchdir\=./.gem.20260808-21767-n50u89 sitelibdir\=./.gem.20260808-21767-n50u89 clean
