current directory: /Volumes/xl/src/rails/zero_task/vendor/bundle/ruby/4.0.0/gems/bcrypt_pbkdf-1.1.2/ext/mri
/Users/xl/.local/share/mise/installs/ruby/4.0.6/bin/ruby extconf.rb
creating Makefile

current directory: /Volumes/xl/src/rails/zero_task/vendor/bundle/ruby/4.0.0/gems/bcrypt_pbkdf-1.1.2/ext/mri
make -j3 DESTDIR\= sitearchdir\=./.gem.20260808-21767-w1sszi sitelibdir\=./.gem.20260808-21767-w1sszi clean

current directory: /Volumes/xl/src/rails/zero_task/vendor/bundle/ruby/4.0.0/gems/bcrypt_pbkdf-1.1.2/ext/mri
make -j3 DESTDIR\= sitearchdir\=./.gem.20260808-21767-w1sszi sitelibdir\=./.gem.20260808-21767-w1sszi
compiling bcrypt_pbkdf.c
compiling bcrypt_pbkdf_ext.c
compiling blowfish.c
bcrypt_pbkdf.c:81:40: warning: expression does not compute the number of elements in this array; element type is 'uint32_t' (aka 'unsigned int'), not 'uint64_t' (aka 'unsigned long long') [-Wsizeof-array-div]
   81 |                 blf_enc(&state, cdata, sizeof(cdata) / sizeof(uint64_t));
      |                                               ~~~~~  ^
bcrypt_pbkdf.c:62:11: note: array 'cdata' declared here
   62 |         uint32_t cdata[BCRYPT_WORDS];
      |                  ^
bcrypt_pbkdf.c:81:40: note: place parentheses around the 'sizeof(uint64_t)' expression to silence this warning
   81 |                 blf_enc(&state, cdata, sizeof(cdata) / sizeof(uint64_t));
      |                                                      ^
1 warning generated.
bcrypt_pbkdf_ext.c:18:5: warning: implicit conversion loses integer precision: 'unsigned long' to 'unsigned int' [-Wshorten-64-to-32]
   14 |   int ret = bcrypt_pbkdf(
      |             ~~~~~~~~~~~~
   15 |     StringValuePtr(pass), RSTRING_LEN(pass),
   16 |     (const u_int8_t*)StringValuePtr(salt), RSTRING_LEN(salt),
   17 |     okey, okeylen,
   18 |     NUM2ULONG(rounds));
      |     ^~~~~~~~~~~~~~~~~
/Users/xl/.local/share/mise/installs/ruby/4.0.6/include/ruby-4.0.0/ruby/internal/arithmetic/long.h:52:22: note: expanded from macro 'NUM2ULONG'
   52 | #define NUM2ULONG    RB_NUM2ULONG         /**< @old{RB_NUM2ULONG} */
      |                      ^
/Users/xl/.local/share/mise/installs/ruby/4.0.6/include/ruby-4.0.0/ruby/internal/arithmetic/long.h:58:22: note: expanded from macro 'RB_NUM2ULONG'
   58 | #define RB_NUM2ULONG rb_num2ulong_inline  /**< @alias{rb_num2ulong_inline} */
      |                      ^
compiling explicit_bzero.c
1 warning generated.
compiling hash_sha512.c
linking shared-object bcrypt_pbkdf_ext.bundle

current directory: /Volumes/xl/src/rails/zero_task/vendor/bundle/ruby/4.0.0/gems/bcrypt_pbkdf-1.1.2/ext/mri
make -j3 DESTDIR\= sitearchdir\=./.gem.20260808-21767-w1sszi sitelibdir\=./.gem.20260808-21767-w1sszi install
/usr/bin/install -c -m 0755 bcrypt_pbkdf_ext.bundle ./.gem.20260808-21767-w1sszi

current directory: /Volumes/xl/src/rails/zero_task/vendor/bundle/ruby/4.0.0/gems/bcrypt_pbkdf-1.1.2/ext/mri
make DESTDIR\= sitearchdir\=./.gem.20260808-21767-w1sszi sitelibdir\=./.gem.20260808-21767-w1sszi clean
