current directory: /Volumes/xl/src/rails/zero_task/vendor/bundle/ruby/4.0.0/gems/ed25519-1.4.0/ext/ed25519_ref10
/Users/xl/.local/share/mise/installs/ruby/4.0.6/bin/ruby extconf.rb
checking for whether -Wall is accepted as CFLAGS... yes
checking for whether -O3 is accepted as CFLAGS... yes
checking for whether -pedantic is accepted as CFLAGS... no
checking for whether -std=c99 is accepted as CFLAGS... yes
creating Makefile

current directory: /Volumes/xl/src/rails/zero_task/vendor/bundle/ruby/4.0.0/gems/ed25519-1.4.0/ext/ed25519_ref10
make -j3 DESTDIR\= sitearchdir\=./.gem.20260808-21767-dlh9ld sitelibdir\=./.gem.20260808-21767-dlh9ld clean

current directory: /Volumes/xl/src/rails/zero_task/vendor/bundle/ruby/4.0.0/gems/ed25519-1.4.0/ext/ed25519_ref10
make -j3 DESTDIR\= sitearchdir\=./.gem.20260808-21767-dlh9ld sitelibdir\=./.gem.20260808-21767-dlh9ld
compiling ed25519_ref10.c
compiling fe.c
compiling ge.c
compiling keypair.c
compiling open.c
compiling sc_muladd.c
compiling sc_reduce.c
compiling sha512.c
compiling sign.c
compiling verify.c
linking shared-object ed25519_ref10.bundle

current directory: /Volumes/xl/src/rails/zero_task/vendor/bundle/ruby/4.0.0/gems/ed25519-1.4.0/ext/ed25519_ref10
make -j3 DESTDIR\= sitearchdir\=./.gem.20260808-21767-dlh9ld sitelibdir\=./.gem.20260808-21767-dlh9ld install
/usr/bin/install -c -m 0755 ed25519_ref10.bundle ./.gem.20260808-21767-dlh9ld

current directory: /Volumes/xl/src/rails/zero_task/vendor/bundle/ruby/4.0.0/gems/ed25519-1.4.0/ext/ed25519_ref10
make DESTDIR\= sitearchdir\=./.gem.20260808-21767-dlh9ld sitelibdir\=./.gem.20260808-21767-dlh9ld clean
