current directory: /Volumes/xl/src/rails/zero_task/vendor/bundle/ruby/4.0.0/gems/date-3.5.1/ext/date
/Users/xl/.local/share/mise/installs/ruby/4.0.6/bin/ruby extconf.rb
checking for rb_category_warn()... yes
checking for timezone in time.h with -Werror... yes
checking for altzone in time.h with -Werror... no
creating Makefile

current directory: /Volumes/xl/src/rails/zero_task/vendor/bundle/ruby/4.0.0/gems/date-3.5.1/ext/date
make -j3 DESTDIR\= sitearchdir\=./.gem.20260808-21767-shipi0 sitelibdir\=./.gem.20260808-21767-shipi0 clean

current directory: /Volumes/xl/src/rails/zero_task/vendor/bundle/ruby/4.0.0/gems/date-3.5.1/ext/date
make -j3 DESTDIR\= sitearchdir\=./.gem.20260808-21767-shipi0 sitelibdir\=./.gem.20260808-21767-shipi0
compiling date_core.c
compiling date_parse.c
compiling date_strftime.c
compiling date_strptime.c
linking shared-object date_core.bundle

current directory: /Volumes/xl/src/rails/zero_task/vendor/bundle/ruby/4.0.0/gems/date-3.5.1/ext/date
make -j3 DESTDIR\= sitearchdir\=./.gem.20260808-21767-shipi0 sitelibdir\=./.gem.20260808-21767-shipi0 install
/usr/bin/install -c -m 0755 date_core.bundle ./.gem.20260808-21767-shipi0

current directory: /Volumes/xl/src/rails/zero_task/vendor/bundle/ruby/4.0.0/gems/date-3.5.1/ext/date
make DESTDIR\= sitearchdir\=./.gem.20260808-21767-shipi0 sitelibdir\=./.gem.20260808-21767-shipi0 clean
